C:\Users\ZC\AppData\Roaming\Python\Python314\site-packages\sklearn\base.py:525: InconsistentVersionWarning: Trying to unpickle estimator LogisticRegression from version 1.7.2 when using version 1.9.0. This might lead to breaking code or invalid results. Use at your own risk. For more info please refer to:
https://scikit-learn.org/stable/model_persistence.html#security-maintainability-limitations
  warnings.warn(
C:\Users\ZC\AppData\Roaming\Python\Python314\site-packages\sklearn\base.py:525: InconsistentVersionWarning: Trying to unpickle estimator TfidfTransformer from version 1.7.2 when using version 1.9.0. This might lead to breaking code or invalid results. Use at your own risk. For more info please refer to:
https://scikit-learn.org/stable/model_persistence.html#security-maintainability-limitations
  warnings.warn(
C:\Users\ZC\AppData\Roaming\Python\Python314\site-packages\sklearn\base.py:525: InconsistentVersionWarning: Trying to unpickle estimator TfidfVectorizer from version 1.7.2 when using version 1.9.0. This might lead to breaking code or invalid results. Use at your own risk. For more info please refer to:
https://scikit-learn.org/stable/model_persistence.html#security-maintainability-limitations
  warnings.warn(
INFO:models.ml_classifier:ML model loaded: 0.52 accuracy
INFO:werkzeug:[31m[1mWARNING: This is a development server. Do not use it in a production deployment. Use a production WSGI server instead.[0m
 * Running on all addresses (0.0.0.0)
 * Running on http://127.0.0.1:5000
 * Running on http://10.150.33.214:5000
INFO:werkzeug:[33mPress CTRL+C to quit[0m
INFO:werkzeug: * Restarting with watchdog (windowsapi)
C:\Users\ZC\AppData\Roaming\Python\Python314\site-packages\sklearn\base.py:525: InconsistentVersionWarning: Trying to unpickle estimator LogisticRegression from version 1.7.2 when using version 1.9.0. This might lead to breaking code or invalid results. Use at your own risk. For more info please refer to:
https://scikit-learn.org/stable/model_persistence.html#security-maintainability-limitations
  warnings.warn(
C:\Users\ZC\AppData\Roaming\Python\Python314\site-packages\sklearn\base.py:525: InconsistentVersionWarning: Trying to unpickle estimator TfidfTransformer from version 1.7.2 when using version 1.9.0. This might lead to breaking code or invalid results. Use at your own risk. For more info please refer to:
https://scikit-learn.org/stable/model_persistence.html#security-maintainability-limitations
  warnings.warn(
C:\Users\ZC\AppData\Roaming\Python\Python314\site-packages\sklearn\base.py:525: InconsistentVersionWarning: Trying to unpickle estimator TfidfVectorizer from version 1.7.2 when using version 1.9.0. This might lead to breaking code or invalid results. Use at your own risk. For more info please refer to:
https://scikit-learn.org/stable/model_persistence.html#security-maintainability-limitations
  warnings.warn(
INFO:models.ml_classifier:ML model loaded: 0.52 accuracy
WARNING:werkzeug: * Debugger is active!
INFO:werkzeug: * Debugger PIN: 446-823-185
